Job started at: Wed Feb 19 16:21:34 CST 2025
	Command being timed: "python3 MCPSim.py"
	User time (seconds): 6635.15
	System time (seconds): 7.94
	Percent of CPU this job got: 99%
	Elapsed (wall clock) time (h:mm:ss or m:ss): 1:51:03
	Average shared text size (kbytes): 0
	Average unshared data size (kbytes): 0
	Average stack size (kbytes): 0
	Average total size (kbytes): 0
	Maximum resident set size (kbytes): 121964
	Average resident set size (kbytes): 0
	Major (requiring I/O) page faults: 0
	Minor (reclaiming a frame) page faults: 44566
	Voluntary context switches: 4051
	Involuntary context switches: 1974
	Swaps: 0
	File system inputs: 0
	File system outputs: 0
	Socket messages sent: 0
	Socket messages received: 0
	Signals delivered: 0
	Page size (bytes): 4096
	Exit status: 0
Job finished at: Wed Feb 19 18:12:37 CST 2025
