Running on node: i506
PBS Job ID: 741830.imgt1
['', '/home/jangh/.local/lib/python3.6/site-packages', '/gpfs/fs1/home/jangh/MCPSim', '/usr/lib64/python36.zip', '/usr/lib64/python3.6', '/usr/lib64/python3.6/lib-dynload', '/usr/lib64/python3.6/site-packages', '/usr/lib/python3.6/site-packages']
Job started at: Thu Mar  6 22:19:50 CST 2025
	Command being timed: "python3 MCPSim_multiRun.py --output /home/jangh/MCPSim/output/400µm600V_3.5_0.5_saturation_0.8_each_5ps_741830.imgt1.pkl"
	User time (seconds): 6477.77
	System time (seconds): 15.07
	Percent of CPU this job got: 99%
	Elapsed (wall clock) time (h:mm:ss or m:ss): 1:48:18
	Average shared text size (kbytes): 0
	Average unshared data size (kbytes): 0
	Average stack size (kbytes): 0
	Average total size (kbytes): 0
	Maximum resident set size (kbytes): 119940
	Average resident set size (kbytes): 0
	Major (requiring I/O) page faults: 0
	Minor (reclaiming a frame) page faults: 41407
	Voluntary context switches: 2794
	Involuntary context switches: 2067
	Swaps: 0
	File system inputs: 0
	File system outputs: 0
	Socket messages sent: 0
	Socket messages received: 0
	Signals delivered: 0
	Page size (bytes): 4096
	Exit status: 0
Job finished at: Fri Mar  7 00:08:08 CST 2025
