Running on node: i184
PBS Job ID: 744788.imgt1
['', '/home/jangh/.local/lib/python3.6/site-packages', '/gpfs/fs1/home/jangh/MCPSim', '/usr/lib64/python36.zip', '/usr/lib64/python3.6', '/usr/lib64/python3.6/lib-dynload', '/usr/lib64/python3.6/site-packages', '/usr/lib/python3.6/site-packages']
Job started at: Mon Mar 10 13:29:43 CDT 2025
	Command being timed: "python3 MCPSim_multiRun.py --output /home/jangh/MCPSim/output/400µm600V_3.5_0.5_saturation_0.8_each_5ps_744788.imgt1.pkl"
	User time (seconds): 6687.98
	System time (seconds): 15.07
	Percent of CPU this job got: 99%
	Elapsed (wall clock) time (h:mm:ss or m:ss): 1:51:49
	Average shared text size (kbytes): 0
	Average unshared data size (kbytes): 0
	Average stack size (kbytes): 0
	Average total size (kbytes): 0
	Maximum resident set size (kbytes): 120044
	Average resident set size (kbytes): 0
	Major (requiring I/O) page faults: 0
	Minor (reclaiming a frame) page faults: 32762
	Voluntary context switches: 4212
	Involuntary context switches: 1923
	Swaps: 0
	File system inputs: 0
	File system outputs: 0
	Socket messages sent: 0
	Socket messages received: 0
	Signals delivered: 0
	Page size (bytes): 4096
	Exit status: 0
Job finished at: Mon Mar 10 15:21:33 CDT 2025
