Running on node: i662
PBS Job ID: 743827.imgt1
['', '/home/jangh/.local/lib/python3.6/site-packages', '/gpfs/fs1/home/jangh/MCPSim', '/usr/lib64/python36.zip', '/usr/lib64/python3.6', '/usr/lib64/python3.6/lib-dynload', '/usr/lib64/python3.6/site-packages', '/usr/lib/python3.6/site-packages']
Job started at: Sun Mar  9 18:14:17 CDT 2025
	Command being timed: "python3 MCPSim_multiRun.py --output /home/jangh/MCPSim/output/400µm600V_3.5_0.5_saturation_0.8_each_5ps_743827.imgt1.pkl"
	User time (seconds): 6474.44
	System time (seconds): 14.19
	Percent of CPU this job got: 99%
	Elapsed (wall clock) time (h:mm:ss or m:ss): 1:48:14
	Average shared text size (kbytes): 0
	Average unshared data size (kbytes): 0
	Average stack size (kbytes): 0
	Average total size (kbytes): 0
	Maximum resident set size (kbytes): 120504
	Average resident set size (kbytes): 0
	Major (requiring I/O) page faults: 0
	Minor (reclaiming a frame) page faults: 41302
	Voluntary context switches: 2901
	Involuntary context switches: 1846
	Swaps: 0
	File system inputs: 0
	File system outputs: 0
	Socket messages sent: 0
	Socket messages received: 0
	Signals delivered: 0
	Page size (bytes): 4096
	Exit status: 0
Job finished at: Sun Mar  9 20:02:31 CDT 2025
